# Tests for BaseGeometry

Create an instance of BaseGeometry
>>> bg = BaseGeometry()

Call area (should raise Exception)
>>> bg.area()
Traceback (most recent call last):
...
Exception: area() is not implemented

Validate correct integer
>>> bg.integer_validator("age", 10)

Validate non-integer (should raise TypeError)
>>> bg.integer_validator("height", "high")
Traceback (most recent call last):
...
TypeError: height must be an integer

Validate <= 0 (should raise ValueError)
>>> bg.integer_validator("length", 0)
Traceback (most recent call last):
...
ValueError: length must be greater than 0
